

================================================================
== Vitis HLS Report for 'addrbound'
================================================================
* Date:           Mon Jun 27 00:45:16 2022

* Version:        2022.1 (Build 3526262 on Mon Apr 18 15:47:01 MDT 2022)
* Project:        pp_pipeline_accel
* Solution:       solution (Vitis Kernel Flow Target)
* Product family: zynquplus
* Target device:  xck26-sfvc784-2LVI-i


================================================================
== Performance Estimates
================================================================
+ Timing: 
    * Summary: 
    +--------+----------+----------+------------+
    |  Clock |  Target  | Estimated| Uncertainty|
    +--------+----------+----------+------------+
    |ap_clk  |  10.00 ns|  3.084 ns|     2.70 ns|
    +--------+----------+----------+------------+

+ Latency: 
    * Summary: 
    +---------+---------+-----------+-----------+-----+-----+---------+
    |  Latency (cycles) |   Latency (absolute)  |  Interval | Pipeline|
    |   min   |   max   |    min    |    max    | min | max |   Type  |
    +---------+---------+-----------+-----------+-----+-----+---------+
    |        2|        2|  20.000 ns|  20.000 ns|    2|    2|       no|
    +---------+---------+-----------+-----------+-----+-----+---------+

    + Detail: 
        * Instance: 
        N/A

        * Loop: 
        N/A



================================================================
== Utilization Estimates
================================================================
* Summary: 
+-----------------+---------+------+--------+--------+-----+
|       Name      | BRAM_18K|  DSP |   FF   |   LUT  | URAM|
+-----------------+---------+------+--------+--------+-----+
|DSP              |        -|     1|       -|       -|    -|
|Expression       |        -|     -|       0|      52|    -|
|FIFO             |        -|     -|       -|       -|    -|
|Instance         |        -|     -|       -|       -|    -|
|Memory           |        -|     -|       -|       -|    -|
|Multiplexer      |        -|     -|       -|      47|    -|
|Register         |        -|     -|      23|       -|    -|
+-----------------+---------+------+--------+--------+-----+
|Total            |        0|     1|      23|      99|    0|
+-----------------+---------+------+--------+--------+-----+
|Available        |      288|  1248|  234240|  117120|   64|
+-----------------+---------+------+--------+--------+-----+
|Utilization (%)  |        0|    ~0|      ~0|      ~0|    0|
+-----------------+---------+------+--------+--------+-----+

+ Detail: 
    * Instance: 
    N/A

    * DSP: 
    +-------------------------------+--------------------------+-----------+
    |            Instance           |          Module          | Expression|
    +-------------------------------+--------------------------+-----------+
    |mul_mul_16ns_16ns_32_3_1_U286  |mul_mul_16ns_16ns_32_3_1  |    i0 * i1|
    +-------------------------------+--------------------------+-----------+

    * Memory: 
    N/A

    * FIFO: 
    N/A

    * Expression: 
    +---------------------+----------+----+---+----+------------+------------+
    |    Variable Name    | Operation| DSP| FF| LUT| Bitwidth P0| Bitwidth P1|
    +---------------------+----------+----+---+----+------------+------------+
    |add_ln587_fu_113_p2  |         +|   0|  0|  25|          25|           6|
    |ret_V_fu_107_p2      |         -|   0|  0|  25|          25|          25|
    |ap_block_state1      |        or|   0|  0|   2|           1|           1|
    +---------------------+----------+----+---+----+------------+------------+
    |Total                |          |   0|  0|  52|          51|          32|
    +---------------------+----------+----+---+----+------------+------------+

    * Multiplexer: 
    +------------+----+-----------+-----+-----------+
    |    Name    | LUT| Input Size| Bits| Total Bits|
    +------------+----+-----------+-----+-----------+
    |ap_NS_fsm   |  20|          4|    1|          4|
    |ap_done     |   9|          2|    1|          2|
    |return_r    |   9|          2|   19|         38|
    |rows_blk_n  |   9|          2|    1|          2|
    +------------+----+-----------+-----+-----------+
    |Total       |  47|         10|   22|         46|
    +------------+----+-----------+-----+-----------+

    * Register: 
    +---------------+----+----+-----+-----------+
    |      Name     | FF | LUT| Bits| Const Bits|
    +---------------+----+----+-----+-----------+
    |ap_CS_fsm      |   3|   0|    3|          0|
    |ap_done_reg    |   1|   0|    1|          0|
    |return_r_preg  |  19|   0|   19|          0|
    +---------------+----+----+-----+-----------+
    |Total          |  23|   0|   23|          0|
    +---------------+----+----+-----+-----------+



================================================================
== Interface
================================================================
* Summary: 
+---------------------+-----+-----+------------+--------------+--------------+
|      RTL Ports      | Dir | Bits|  Protocol  | Source Object|    C Type    |
+---------------------+-----+-----+------------+--------------+--------------+
|ap_clk               |   in|    1|  ap_ctrl_hs|     addrbound|  return value|
|ap_rst               |   in|    1|  ap_ctrl_hs|     addrbound|  return value|
|ap_start             |   in|    1|  ap_ctrl_hs|     addrbound|  return value|
|ap_done              |  out|    1|  ap_ctrl_hs|     addrbound|  return value|
|ap_continue          |   in|    1|  ap_ctrl_hs|     addrbound|  return value|
|ap_idle              |  out|    1|  ap_ctrl_hs|     addrbound|  return value|
|ap_ready             |  out|    1|  ap_ctrl_hs|     addrbound|  return value|
|return_r             |  out|   19|     ap_none|      return_r|       pointer|
|rows_dout            |   in|   16|     ap_fifo|          rows|       pointer|
|rows_num_data_valid  |   in|    3|     ap_fifo|          rows|       pointer|
|rows_fifo_cap        |   in|    3|     ap_fifo|          rows|       pointer|
|rows_empty_n         |   in|    1|     ap_fifo|          rows|       pointer|
|rows_read            |  out|    1|     ap_fifo|          rows|       pointer|
|cols                 |   in|   16|     ap_none|          cols|        scalar|
+---------------------+-----+-----+------------+--------------+--------------+

